   Compiling weaver-api v0.2.0 (/home/power/code/loom/.worktrees/loom-finalize-registration-model/crates/weaver-api)
   Compiling loom-ctx v0.2.0 (/home/power/code/loom/.worktrees/loom-finalize-registration-model/crates/loom-ctx)
   Compiling loom-store v0.2.0 (/home/power/code/loom/.worktrees/loom-finalize-registration-model/crates/loom-store)
   Compiling loom-agent v0.2.0 (/home/power/code/loom/.worktrees/loom-finalize-registration-model/crates/loom-agent)
   Compiling loom-policy v0.2.0 (/home/power/code/loom/.worktrees/loom-finalize-registration-model/crates/loom-policy)
   Compiling loom-core v0.2.0 (/home/power/code/loom/.worktrees/loom-finalize-registration-model/crates/loom-core)
   Compiling loom-editor v0.2.0 (/home/power/code/loom/.worktrees/loom-finalize-registration-model/crates/loom-editor)
   Compiling loom-forge v0.2.0 (/home/power/code/loom/.worktrees/loom-finalize-registration-model/crates/loom-forge)
   Compiling loom-launch v0.2.0 (/home/power/code/loom/.worktrees/loom-finalize-registration-model/crates/loom-launch)
   Compiling loom-deliver v0.2.0 (/home/power/code/loom/.worktrees/loom-finalize-registration-model/crates/loom-deliver)
   Compiling loom-watch v0.2.0 (/home/power/code/loom/.worktrees/loom-finalize-registration-model/crates/loom-watch)
   Compiling loom v0.2.0 (/home/power/code/loom/.worktrees/loom-finalize-registration-model/crates/loom)
warning: function `encode_query` is never used
    --> crates/loom/src/bin/loom.rs:4398:4
     |
4398 | fn encode_query(s: &str) -> String {
     |    ^^^^^^^^^^^^
     |
     = note: `#[warn(dead_code)]` (part of `#[warn(unused)]`) on by default

warning: `loom` (bin "loom" test) generated 1 warning (1 duplicate)
warning: `loom` (bin "loom") generated 1 warning
    Finished `dev` profile [unoptimized + debuginfo] target(s) in 1m 04s
